// Jest Snapshot v1, https://goo.gl/fbAQLP

exports[`BrowseBox Component renders correctly 1`] = `
<ThemeProvider
  theme={Object {}}
>
  <BrowseBox
    displayCount={false}
    facets={Object {}}
    filterType=""
    searchFunction={[Function]}
  >
    <Theme
      className="browse-tiles__container"
      element="div"
    >
      <div
        className="browse-tiles__container  "
      />
    </Theme>
  </BrowseBox>
</ThemeProvider>
`;
