// Jest Snapshot v1, https://goo.gl/fbAQLP

exports[`DOCs Component renders correctly with poC 1`] = `
<Theme
  aria-label="NCI Affiliation Information"
  className="resource__docs"
  element="article"
>
  <h2>
    NCI Affiliation
  </h2>
  This resource is managed by the Eeinie.
</Theme>
`;

exports[`DOCs Component renders correctly without poC 1`] = `""`;
