// Jest Snapshot v1, https://goo.gl/fbAQLP

exports[`Router Container renders correctly 1`] = `
<ConnectedRouter
  history={Object {}}
>
  <Switch>
    <Route
      component={[Function]}
      path="/search"
    />
    <Route
      component={[Function]}
      path="/resource/:id"
    />
    <Route
      component={[Function]}
      path="*"
    />
  </Switch>
</ConnectedRouter>
`;
